"","2","3","4","5"
"2",0,1,1,1
"3",1,0,1,1
"4",1,1,0,1
"5",1,1,1,0
